// Jest Snapshot v1, https://goo.gl/fbAQLP

exports[`Knock renders as expected 1`] = `
<ForwardRef(View)
  style={
    Object {
      "alignItems": "center",
      "backgroundColor": "#F5FCFF",
      "flex": 1,
      "justifyContent": "center",
    }
  }
>
  <ForwardRef(Text)
    style={
      Object {
        "fontSize": 20,
        "margin": 10,
        "textAlign": "center",
      }
    }
  >
    Knock knock
  </ForwardRef(Text)>
</ForwardRef(View)>
`;
